// Jest Snapshot v1, https://goo.gl/fbAQLP

exports[`Component: ContentWrapper Should render successfully 1`] = `
<footer
  className={undefined}
>
  <div
    className="row"
  >
    <div
      className="columns text-center small-12"
    >
      <p>
        Made with love ‚ù§
      </p>
    </div>
  </div>
</footer>
`;
