// Jest Snapshot v1, https://goo.gl/fbAQLP

exports[`Component: ContentWrapper Should render successfully 1`] = `
ShallowWrapper {
  "length": 1,
  Symbol(enzyme.__root__): [Circular],
  Symbol(enzyme.__unrendered__): <Navigation
    handleToggle={[Function]}
    isMobile={true}
    navigationIsHidden={true}
    store={
      Object {
        "clearActions": [Function],
        "dispatch": [Function],
        "getActions": [Function],
        "getState": [Function],
        "replaceReducer": [Function],
        "subscribe": [Function],
      }
    }
  />,
  Symbol(enzyme.__renderer__): Object {
    "batchedUpdates": [Function],
    "getNode": [Function],
    "render": [Function],
    "simulateEvent": [Function],
    "unmount": [Function],
  },
  Symbol(enzyme.__node__): Object {
    "instance": null,
    "key": undefined,
    "nodeType": "host",
    "props": Object {
      "children": <Row>
        <Column
          small={12}
        >
          <Link
            className={undefined}
            onClick={[Function]}
            replace={false}
            title="React Starter"
            to="/"
          >
            <img
              alt="React Starter"
              className={undefined}
              src=""
            />
            <span
              className={undefined}
            >
              React Starter
            </span>
          </Link>
          <button
            className={undefined}
            onClick={[Function]}
            type="button"
          >
            <span
              className={undefined}
            >
              Menu
            </span>
          </button>
          <nav
            className={undefined}
          >
            <ul
              className={undefined}
            >
              <li
                className={undefined}
              >
                <Link
                  className={undefined}
                  onClick={[Function]}
                  replace={false}
                  title="About"
                  to="/about/"
                >
                  About
                </Link>
              </li>
              <li
                className={undefined}
              >
                <Link
                  className={undefined}
                  onClick={[Function]}
                  replace={false}
                  title="Contact"
                  to="/contact/"
                >
                  Contact
                </Link>
              </li>
            </ul>
          </nav>
        </Column>
      </Row>,
      "className": undefined,
    },
    "ref": null,
    "rendered": Object {
      "instance": null,
      "key": undefined,
      "nodeType": "function",
      "props": Object {
        "children": <Column
          small={12}
        >
          <Link
            className={undefined}
            onClick={[Function]}
            replace={false}
            title="React Starter"
            to="/"
          >
            <img
              alt="React Starter"
              className={undefined}
              src=""
            />
            <span
              className={undefined}
            >
              React Starter
            </span>
          </Link>
          <button
            className={undefined}
            onClick={[Function]}
            type="button"
          >
            <span
              className={undefined}
            >
              Menu
            </span>
          </button>
          <nav
            className={undefined}
          >
            <ul
              className={undefined}
            >
              <li
                className={undefined}
              >
                <Link
                  className={undefined}
                  onClick={[Function]}
                  replace={false}
                  title="About"
                  to="/about/"
                >
                  About
                </Link>
              </li>
              <li
                className={undefined}
              >
                <Link
                  className={undefined}
                  onClick={[Function]}
                  replace={false}
                  title="Contact"
                  to="/contact/"
                >
                  Contact
                </Link>
              </li>
            </ul>
          </nav>
        </Column>,
      },
      "ref": null,
      "rendered": Object {
        "instance": null,
        "key": undefined,
        "nodeType": "function",
        "props": Object {
          "children": Array [
            <Link
              className={undefined}
              onClick={[Function]}
              replace={false}
              title="React Starter"
              to="/"
            >
              <img
                alt="React Starter"
                className={undefined}
                src=""
              />
              <span
                className={undefined}
              >
                React Starter
              </span>
            </Link>,
            <button
              className={undefined}
              onClick={[Function]}
              type="button"
            >
              <span
                className={undefined}
              >
                Menu
              </span>
            </button>,
            <nav
              className={undefined}
            >
              <ul
                className={undefined}
              >
                <li
                  className={undefined}
                >
                  <Link
                    className={undefined}
                    onClick={[Function]}
                    replace={false}
                    title="About"
                    to="/about/"
                  >
                    About
                  </Link>
                </li>
                <li
                  className={undefined}
                >
                  <Link
                    className={undefined}
                    onClick={[Function]}
                    replace={false}
                    title="Contact"
                    to="/contact/"
                  >
                    Contact
                  </Link>
                </li>
              </ul>
            </nav>,
          ],
          "small": 12,
        },
        "ref": null,
        "rendered": Array [
          Object {
            "instance": null,
            "key": undefined,
            "nodeType": "class",
            "props": Object {
              "children": Array [
                <img
                  alt="React Starter"
                  className={undefined}
                  src=""
                />,
                <span
                  className={undefined}
                >
                  React Starter
                </span>,
              ],
              "className": undefined,
              "onClick": [Function],
              "replace": false,
              "title": "React Starter",
              "to": "/",
            },
            "ref": null,
            "rendered": Array [
              Object {
                "instance": null,
                "key": undefined,
                "nodeType": "host",
                "props": Object {
                  "alt": "React Starter",
                  "className": undefined,
                  "src": "",
                },
                "ref": null,
                "rendered": null,
                "type": "img",
              },
              Object {
                "instance": null,
                "key": undefined,
                "nodeType": "host",
                "props": Object {
                  "children": "React Starter",
                  "className": undefined,
                },
                "ref": null,
                "rendered": "React Starter",
                "type": "span",
              },
            ],
            "type": [Function],
          },
          Object {
            "instance": null,
            "key": undefined,
            "nodeType": "host",
            "props": Object {
              "children": <span
                className={undefined}
              >
                Menu
              </span>,
              "className": undefined,
              "onClick": [Function],
              "type": "button",
            },
            "ref": null,
            "rendered": Object {
              "instance": null,
              "key": undefined,
              "nodeType": "host",
              "props": Object {
                "children": "Menu",
                "className": undefined,
              },
              "ref": null,
              "rendered": "Menu",
              "type": "span",
            },
            "type": "button",
          },
          Object {
            "instance": null,
            "key": undefined,
            "nodeType": "host",
            "props": Object {
              "children": <ul
                className={undefined}
              >
                <li
                  className={undefined}
                >
                  <Link
                    className={undefined}
                    onClick={[Function]}
                    replace={false}
                    title="About"
                    to="/about/"
                  >
                    About
                  </Link>
                </li>
                <li
                  className={undefined}
                >
                  <Link
                    className={undefined}
                    onClick={[Function]}
                    replace={false}
                    title="Contact"
                    to="/contact/"
                  >
                    Contact
                  </Link>
                </li>
              </ul>,
              "className": undefined,
            },
            "ref": null,
            "rendered": Object {
              "instance": null,
              "key": undefined,
              "nodeType": "host",
              "props": Object {
                "children": Array [
                  <li
                    className={undefined}
                  >
                    <Link
                      className={undefined}
                      onClick={[Function]}
                      replace={false}
                      title="About"
                      to="/about/"
                    >
                      About
                    </Link>
                  </li>,
                  <li
                    className={undefined}
                  >
                    <Link
                      className={undefined}
                      onClick={[Function]}
                      replace={false}
                      title="Contact"
                      to="/contact/"
                    >
                      Contact
                    </Link>
                  </li>,
                ],
                "className": undefined,
              },
              "ref": null,
              "rendered": Array [
                Object {
                  "instance": null,
                  "key": "/about/",
                  "nodeType": "host",
                  "props": Object {
                    "children": <Link
                      className={undefined}
                      onClick={[Function]}
                      replace={false}
                      title="About"
                      to="/about/"
                    >
                      About
                    </Link>,
                    "className": undefined,
                  },
                  "ref": null,
                  "rendered": Object {
                    "instance": null,
                    "key": undefined,
                    "nodeType": "class",
                    "props": Object {
                      "children": "About",
                      "className": undefined,
                      "onClick": [Function],
                      "replace": false,
                      "title": "About",
                      "to": "/about/",
                    },
                    "ref": null,
                    "rendered": "About",
                    "type": [Function],
                  },
                  "type": "li",
                },
                Object {
                  "instance": null,
                  "key": "/contact/",
                  "nodeType": "host",
                  "props": Object {
                    "children": <Link
                      className={undefined}
                      onClick={[Function]}
                      replace={false}
                      title="Contact"
                      to="/contact/"
                    >
                      Contact
                    </Link>,
                    "className": undefined,
                  },
                  "ref": null,
                  "rendered": Object {
                    "instance": null,
                    "key": undefined,
                    "nodeType": "class",
                    "props": Object {
                      "children": "Contact",
                      "className": undefined,
                      "onClick": [Function],
                      "replace": false,
                      "title": "Contact",
                      "to": "/contact/",
                    },
                    "ref": null,
                    "rendered": "Contact",
                    "type": [Function],
                  },
                  "type": "li",
                },
              ],
              "type": "ul",
            },
            "type": "nav",
          },
        ],
        "type": [Function],
      },
      "type": [Function],
    },
    "type": "header",
  },
  Symbol(enzyme.__nodes__): Array [
    Object {
      "instance": null,
      "key": undefined,
      "nodeType": "host",
      "props": Object {
        "children": <Row>
          <Column
            small={12}
          >
            <Link
              className={undefined}
              onClick={[Function]}
              replace={false}
              title="React Starter"
              to="/"
            >
              <img
                alt="React Starter"
                className={undefined}
                src=""
              />
              <span
                className={undefined}
              >
                React Starter
              </span>
            </Link>
            <button
              className={undefined}
              onClick={[Function]}
              type="button"
            >
              <span
                className={undefined}
              >
                Menu
              </span>
            </button>
            <nav
              className={undefined}
            >
              <ul
                className={undefined}
              >
                <li
                  className={undefined}
                >
                  <Link
                    className={undefined}
                    onClick={[Function]}
                    replace={false}
                    title="About"
                    to="/about/"
                  >
                    About
                  </Link>
                </li>
                <li
                  className={undefined}
                >
                  <Link
                    className={undefined}
                    onClick={[Function]}
                    replace={false}
                    title="Contact"
                    to="/contact/"
                  >
                    Contact
                  </Link>
                </li>
              </ul>
            </nav>
          </Column>
        </Row>,
        "className": undefined,
      },
      "ref": null,
      "rendered": Object {
        "instance": null,
        "key": undefined,
        "nodeType": "function",
        "props": Object {
          "children": <Column
            small={12}
          >
            <Link
              className={undefined}
              onClick={[Function]}
              replace={false}
              title="React Starter"
              to="/"
            >
              <img
                alt="React Starter"
                className={undefined}
                src=""
              />
              <span
                className={undefined}
              >
                React Starter
              </span>
            </Link>
            <button
              className={undefined}
              onClick={[Function]}
              type="button"
            >
              <span
                className={undefined}
              >
                Menu
              </span>
            </button>
            <nav
              className={undefined}
            >
              <ul
                className={undefined}
              >
                <li
                  className={undefined}
                >
                  <Link
                    className={undefined}
                    onClick={[Function]}
                    replace={false}
                    title="About"
                    to="/about/"
                  >
                    About
                  </Link>
                </li>
                <li
                  className={undefined}
                >
                  <Link
                    className={undefined}
                    onClick={[Function]}
                    replace={false}
                    title="Contact"
                    to="/contact/"
                  >
                    Contact
                  </Link>
                </li>
              </ul>
            </nav>
          </Column>,
        },
        "ref": null,
        "rendered": Object {
          "instance": null,
          "key": undefined,
          "nodeType": "function",
          "props": Object {
            "children": Array [
              <Link
                className={undefined}
                onClick={[Function]}
                replace={false}
                title="React Starter"
                to="/"
              >
                <img
                  alt="React Starter"
                  className={undefined}
                  src=""
                />
                <span
                  className={undefined}
                >
                  React Starter
                </span>
              </Link>,
              <button
                className={undefined}
                onClick={[Function]}
                type="button"
              >
                <span
                  className={undefined}
                >
                  Menu
                </span>
              </button>,
              <nav
                className={undefined}
              >
                <ul
                  className={undefined}
                >
                  <li
                    className={undefined}
                  >
                    <Link
                      className={undefined}
                      onClick={[Function]}
                      replace={false}
                      title="About"
                      to="/about/"
                    >
                      About
                    </Link>
                  </li>
                  <li
                    className={undefined}
                  >
                    <Link
                      className={undefined}
                      onClick={[Function]}
                      replace={false}
                      title="Contact"
                      to="/contact/"
                    >
                      Contact
                    </Link>
                  </li>
                </ul>
              </nav>,
            ],
            "small": 12,
          },
          "ref": null,
          "rendered": Array [
            Object {
              "instance": null,
              "key": undefined,
              "nodeType": "class",
              "props": Object {
                "children": Array [
                  <img
                    alt="React Starter"
                    className={undefined}
                    src=""
                  />,
                  <span
                    className={undefined}
                  >
                    React Starter
                  </span>,
                ],
                "className": undefined,
                "onClick": [Function],
                "replace": false,
                "title": "React Starter",
                "to": "/",
              },
              "ref": null,
              "rendered": Array [
                Object {
                  "instance": null,
                  "key": undefined,
                  "nodeType": "host",
                  "props": Object {
                    "alt": "React Starter",
                    "className": undefined,
                    "src": "",
                  },
                  "ref": null,
                  "rendered": null,
                  "type": "img",
                },
                Object {
                  "instance": null,
                  "key": undefined,
                  "nodeType": "host",
                  "props": Object {
                    "children": "React Starter",
                    "className": undefined,
                  },
                  "ref": null,
                  "rendered": "React Starter",
                  "type": "span",
                },
              ],
              "type": [Function],
            },
            Object {
              "instance": null,
              "key": undefined,
              "nodeType": "host",
              "props": Object {
                "children": <span
                  className={undefined}
                >
                  Menu
                </span>,
                "className": undefined,
                "onClick": [Function],
                "type": "button",
              },
              "ref": null,
              "rendered": Object {
                "instance": null,
                "key": undefined,
                "nodeType": "host",
                "props": Object {
                  "children": "Menu",
                  "className": undefined,
                },
                "ref": null,
                "rendered": "Menu",
                "type": "span",
              },
              "type": "button",
            },
            Object {
              "instance": null,
              "key": undefined,
              "nodeType": "host",
              "props": Object {
                "children": <ul
                  className={undefined}
                >
                  <li
                    className={undefined}
                  >
                    <Link
                      className={undefined}
                      onClick={[Function]}
                      replace={false}
                      title="About"
                      to="/about/"
                    >
                      About
                    </Link>
                  </li>
                  <li
                    className={undefined}
                  >
                    <Link
                      className={undefined}
                      onClick={[Function]}
                      replace={false}
                      title="Contact"
                      to="/contact/"
                    >
                      Contact
                    </Link>
                  </li>
                </ul>,
                "className": undefined,
              },
              "ref": null,
              "rendered": Object {
                "instance": null,
                "key": undefined,
                "nodeType": "host",
                "props": Object {
                  "children": Array [
                    <li
                      className={undefined}
                    >
                      <Link
                        className={undefined}
                        onClick={[Function]}
                        replace={false}
                        title="About"
                        to="/about/"
                      >
                        About
                      </Link>
                    </li>,
                    <li
                      className={undefined}
                    >
                      <Link
                        className={undefined}
                        onClick={[Function]}
                        replace={false}
                        title="Contact"
                        to="/contact/"
                      >
                        Contact
                      </Link>
                    </li>,
                  ],
                  "className": undefined,
                },
                "ref": null,
                "rendered": Array [
                  Object {
                    "instance": null,
                    "key": "/about/",
                    "nodeType": "host",
                    "props": Object {
                      "children": <Link
                        className={undefined}
                        onClick={[Function]}
                        replace={false}
                        title="About"
                        to="/about/"
                      >
                        About
                      </Link>,
                      "className": undefined,
                    },
                    "ref": null,
                    "rendered": Object {
                      "instance": null,
                      "key": undefined,
                      "nodeType": "class",
                      "props": Object {
                        "children": "About",
                        "className": undefined,
                        "onClick": [Function],
                        "replace": false,
                        "title": "About",
                        "to": "/about/",
                      },
                      "ref": null,
                      "rendered": "About",
                      "type": [Function],
                    },
                    "type": "li",
                  },
                  Object {
                    "instance": null,
                    "key": "/contact/",
                    "nodeType": "host",
                    "props": Object {
                      "children": <Link
                        className={undefined}
                        onClick={[Function]}
                        replace={false}
                        title="Contact"
                        to="/contact/"
                      >
                        Contact
                      </Link>,
                      "className": undefined,
                    },
                    "ref": null,
                    "rendered": Object {
                      "instance": null,
                      "key": undefined,
                      "nodeType": "class",
                      "props": Object {
                        "children": "Contact",
                        "className": undefined,
                        "onClick": [Function],
                        "replace": false,
                        "title": "Contact",
                        "to": "/contact/",
                      },
                      "ref": null,
                      "rendered": "Contact",
                      "type": [Function],
                    },
                    "type": "li",
                  },
                ],
                "type": "ul",
              },
              "type": "nav",
            },
          ],
          "type": [Function],
        },
        "type": [Function],
      },
      "type": "header",
    },
  ],
  Symbol(enzyme.__options__): Object {
    "adapter": ReactSixteenAdapter {
      "options": Object {
        "enableComponentDidUpdateOnSetState": true,
      },
    },
  },
}
`;
