// Jest Snapshot v1, https://goo.gl/fbAQLP

exports[`Action Creator: updateNavVisibility should match its snapshot 1`] = `
Object {
  "text": undefined,
  "type": "UPDATE_NAV_VISIBILITY",
}
`;
