// Jest Snapshot v1, https://goo.gl/fbAQLP

exports[`Component: ContentWrapper Should render successfully 1`] = `"<!doctype html><html lang=\\"en\\"><head><meta charset=\\"utf-8\\"><meta http-equiv=\\"x-ua-compatible\\" content=\\"ie=edge\\"><title>Test</title><meta name=\\"description\\" content=\\"Test\\"><meta name=\\"viewport\\" content=\\"width=device-width, initial-scale=1, shrink-to-fit=no\\"><link rel=\\"apple-touch-icon\\" sizes=\\"180x180\\" href=\\"/apple-touch-icon.png\\"><link rel=\\"icon\\" type=\\"image/png\\" sizes=\\"32x32\\" href=\\"/favicon-32x32.png\\"><link rel=\\"icon\\" type=\\"image/png\\" sizes=\\"16x16\\" href=\\"/favicon-16x16.png\\"><link rel=\\"manifest\\" href=\\"/site.webmanifest\\"><link rel=\\"mask-icon\\" href=\\"/safari-pinned-tab.svg\\" color=\\"#222222\\"><meta name=\\"msapplication-TileColor\\" content=\\"#ffffff\\"><meta name=\\"theme-color\\" content=\\"#ffffff\\"><style>undefined</style></head><body><div id=\\"root\\">undefined</div><script>undefined</script><script>window.__INITIAL_STATE__ = undefined;</script></body></html>"`;
